{
    "idemux - fastq": {
        "content": [
            [
                "demultipexing_stats.tsv:md5,470c8e0539f69ca1f311ade91323d484"
            ],
            [
                "versions.yml:md5,f9eb54a172d3d7cd5550c2aa06facb54"
            ],
            [
                [
                    {
                        "id": "NVQ",
                        "lane": 1
                    },
                    [
                        "sample_0_R1.fastq.gz:md5,d41d8cd98f00b204e9800998ecf8427e",
                        "sample_0_R2.fastq.gz:md5,d41d8cd98f00b204e9800998ecf8427e",
                        "sample_1_R1.fastq.gz:md5,d41d8cd98f00b204e9800998ecf8427e",
                        "sample_1_R2.fastq.gz:md5,d41d8cd98f00b204e9800998ecf8427e",
                        "sample_2_R1.fastq.gz:md5,d41d8cd98f00b204e9800998ecf8427e",
                        "sample_2_R2.fastq.gz:md5,d41d8cd98f00b204e9800998ecf8427e",
                        "sample_3_R1.fastq.gz:md5,d41d8cd98f00b204e9800998ecf8427e",
                        "sample_3_R2.fastq.gz:md5,d41d8cd98f00b204e9800998ecf8427e"
                    ]
                ]
            ]
        ],
        "meta": {
            "nf-test": "0.8.4",
            "nextflow": "23.10.1"
        },
        "timestamp": "2024-03-20T15:47:32.141351859"
    },
    "idemux - fastq - stub": {
        "content": [
            [
                "demultipexing_stats.tsv:md5,d41d8cd98f00b204e9800998ecf8427e"
            ],
            [
                "versions.yml:md5,f9eb54a172d3d7cd5550c2aa06facb54"
            ],
            [
                [
                    {
                        "id": "NVQ",
                        "lane": 1
                    },
                    [
                        "sample_0_R1.fastq.gz:md5,d41d8cd98f00b204e9800998ecf8427e",
                        "sample_0_R2.fastq.gz:md5,d41d8cd98f00b204e9800998ecf8427e",
                        "sample_1_R1.fastq.gz:md5,d41d8cd98f00b204e9800998ecf8427e",
                        "sample_1_R2.fastq.gz:md5,d41d8cd98f00b204e9800998ecf8427e",
                        "sample_2_R1.fastq.gz:md5,d41d8cd98f00b204e9800998ecf8427e",
                        "sample_2_R2.fastq.gz:md5,d41d8cd98f00b204e9800998ecf8427e"
                    ]
                ]
            ]
        ],
        "meta": {
            "nf-test": "0.8.4",
            "nextflow": "23.10.1"
        },
        "timestamp": "2024-03-20T15:48:35.798105681"
    }
}